Archive member included because of file (symbol)

/usr/bin/../lib/gcc/arm-none-eabi/4.8.4/armv6-m/libgcc.a(_udivsi3.o)
                              src/system_stm32f0xx.o (__aeabi_uidiv)
/usr/bin/../lib/gcc/arm-none-eabi/4.8.4/armv6-m/libgcc.a(_dvmd_tls.o)
                              /usr/bin/../lib/gcc/arm-none-eabi/4.8.4/armv6-m/libgcc.a(_udivsi3.o) (__aeabi_idiv0)

Allocating common symbols
Common symbol       size              file

TIM_TimeBaseStructure
                    0xc               src/timer.o
TIM_OCInitStructure
                    0x14              src/timer.o
GPIO_InitStructure  0x8               src/main.o

Discarded input sections

 .text          0x0000000000000000        0x0 src/main.o
 .data          0x0000000000000000        0x0 src/main.o
 .bss           0x0000000000000000        0x0 src/main.o
 .text          0x0000000000000000        0x0 src/stm32f0xx_it.o
 .data          0x0000000000000000        0x0 src/stm32f0xx_it.o
 .bss           0x0000000000000000        0x0 src/stm32f0xx_it.o
 .text          0x0000000000000000        0x0 src/system_stm32f0xx.o
 .data          0x0000000000000000        0x0 src/system_stm32f0xx.o
 .bss           0x0000000000000000        0x0 src/system_stm32f0xx.o
 .data.AHBPrescTable
                0x0000000000000000       0x10 src/system_stm32f0xx.o
 .text.SystemCoreClockUpdate
                0x0000000000000000       0xd0 src/system_stm32f0xx.o
 .text          0x0000000000000000        0x0 src/timer.o
 .data          0x0000000000000000        0x0 src/timer.o
 .bss           0x0000000000000000        0x0 src/timer.o
 .bss.TimerPeriod
                0x0000000000000000        0x2 src/timer.o
 .text          0x0000000000000000        0x0 lib/STM32F0xx_StdPeriph_Driver/src/stm32f0xx_adc.o
 .data          0x0000000000000000        0x0 lib/STM32F0xx_StdPeriph_Driver/src/stm32f0xx_adc.o
 .bss           0x0000000000000000        0x0 lib/STM32F0xx_StdPeriph_Driver/src/stm32f0xx_adc.o
 .text.ADC_DeInit
                0x0000000000000000       0x34 lib/STM32F0xx_StdPeriph_Driver/src/stm32f0xx_adc.o
 .text.ADC_Init
                0x0000000000000000       0x58 lib/STM32F0xx_StdPeriph_Driver/src/stm32f0xx_adc.o
 .text.ADC_StructInit
                0x0000000000000000       0x34 lib/STM32F0xx_StdPeriph_Driver/src/stm32f0xx_adc.o
 .text.ADC_Cmd  0x0000000000000000       0x38 lib/STM32F0xx_StdPeriph_Driver/src/stm32f0xx_adc.o
 .text.ADC_JitterCmd
                0x0000000000000000       0x38 lib/STM32F0xx_StdPeriph_Driver/src/stm32f0xx_adc.o
 .text.ADC_AutoPowerOffCmd
                0x0000000000000000       0x3c lib/STM32F0xx_StdPeriph_Driver/src/stm32f0xx_adc.o
 .text.ADC_WaitModeCmd
                0x0000000000000000       0x3c lib/STM32F0xx_StdPeriph_Driver/src/stm32f0xx_adc.o
 .text.ADC_AnalogWatchdogCmd
                0x0000000000000000       0x3c lib/STM32F0xx_StdPeriph_Driver/src/stm32f0xx_adc.o
 .text.ADC_AnalogWatchdogThresholdsConfig
                0x0000000000000000       0x28 lib/STM32F0xx_StdPeriph_Driver/src/stm32f0xx_adc.o
 .text.ADC_AnalogWatchdogSingleChannelConfig
                0x0000000000000000       0x34 lib/STM32F0xx_StdPeriph_Driver/src/stm32f0xx_adc.o
 .text.ADC_AnalogWatchdogSingleChannelCmd
                0x0000000000000000       0x3c lib/STM32F0xx_StdPeriph_Driver/src/stm32f0xx_adc.o
 .text.ADC_TempSensorCmd
                0x0000000000000000       0x40 lib/STM32F0xx_StdPeriph_Driver/src/stm32f0xx_adc.o
 .text.ADC_VrefintCmd
                0x0000000000000000       0x40 lib/STM32F0xx_StdPeriph_Driver/src/stm32f0xx_adc.o
 .text.ADC_VbatCmd
                0x0000000000000000       0x40 lib/STM32F0xx_StdPeriph_Driver/src/stm32f0xx_adc.o
 .text.ADC_ChannelConfig
                0x0000000000000000       0x38 lib/STM32F0xx_StdPeriph_Driver/src/stm32f0xx_adc.o
 .text.ADC_ContinuousModeCmd
                0x0000000000000000       0x3c lib/STM32F0xx_StdPeriph_Driver/src/stm32f0xx_adc.o
 .text.ADC_DiscModeCmd
                0x0000000000000000       0x3c lib/STM32F0xx_StdPeriph_Driver/src/stm32f0xx_adc.o
 .text.ADC_OverrunModeCmd
                0x0000000000000000       0x3c lib/STM32F0xx_StdPeriph_Driver/src/stm32f0xx_adc.o
 .text.ADC_GetCalibrationFactor
                0x0000000000000000       0x60 lib/STM32F0xx_StdPeriph_Driver/src/stm32f0xx_adc.o
 .text.ADC_StopOfConversion
                0x0000000000000000       0x1c lib/STM32F0xx_StdPeriph_Driver/src/stm32f0xx_adc.o
 .text.ADC_StartOfConversion
                0x0000000000000000       0x1c lib/STM32F0xx_StdPeriph_Driver/src/stm32f0xx_adc.o
 .text.ADC_GetConversionValue
                0x0000000000000000       0x18 lib/STM32F0xx_StdPeriph_Driver/src/stm32f0xx_adc.o
 .text.ADC_DMACmd
                0x0000000000000000       0x3c lib/STM32F0xx_StdPeriph_Driver/src/stm32f0xx_adc.o
 .text.ADC_DMARequestModeConfig
                0x0000000000000000       0x2c lib/STM32F0xx_StdPeriph_Driver/src/stm32f0xx_adc.o
 .text.ADC_ITConfig
[...]
Memory Configuration

Name             Origin             Length             Attributes
FLASH            0x0000000008000000 0x0000000000008000 xr
RAM              0x0000000020000000 0x0000000000001000 xrw
*default*        0x0000000000000000 0xffffffffffffffff

Linker script and memory map

LOAD src/main.o
LOAD src/stm32f0xx_it.o
LOAD src/system_stm32f0xx.o
LOAD src/timer.o
LOAD lib/STM32F0xx_StdPeriph_Driver/src/stm32f0xx_adc.o
LOAD lib/STM32F0xx_StdPeriph_Driver/src/stm32f0xx_cec.o
LOAD lib/STM32F0xx_StdPeriph_Driver/src/stm32f0xx_comp.o
LOAD lib/STM32F0xx_StdPeriph_Driver/src/stm32f0xx_crc.o
LOAD lib/STM32F0xx_StdPeriph_Driver/src/stm32f0xx_dac.o
LOAD lib/STM32F0xx_StdPeriph_Driver/src/stm32f0xx_dbgmcu.o
LOAD lib/STM32F0xx_StdPeriph_Driver/src/stm32f0xx_dma.o
LOAD lib/STM32F0xx_StdPeriph_Driver/src/stm32f0xx_exti.o
LOAD lib/STM32F0xx_StdPeriph_Driver/src/stm32f0xx_flash.o
LOAD lib/STM32F0xx_StdPeriph_Driver/src/stm32f0xx_gpio.o
LOAD lib/STM32F0xx_StdPeriph_Driver/src/stm32f0xx_i2c.o
LOAD lib/STM32F0xx_StdPeriph_Driver/src/stm32f0xx_iwdg.o
LOAD lib/STM32F0xx_StdPeriph_Driver/src/stm32f0xx_misc.o
LOAD lib/STM32F0xx_StdPeriph_Driver/src/stm32f0xx_pwr.o
LOAD lib/STM32F0xx_StdPeriph_Driver/src/stm32f0xx_rcc.o
LOAD lib/STM32F0xx_StdPeriph_Driver/src/stm32f0xx_rtc.o
LOAD lib/STM32F0xx_StdPeriph_Driver/src/stm32f0xx_spi.o
LOAD lib/STM32F0xx_StdPeriph_Driver/src/stm32f0xx_syscfg.o
LOAD lib/STM32F0xx_StdPeriph_Driver/src/stm32f0xx_tim.o
LOAD lib/STM32F0xx_StdPeriph_Driver/src/stm32f0xx_usart.o
LOAD lib/STM32F0xx_StdPeriph_Driver/src/stm32f0xx_wwdg.o
LOAD src/startup.o
START GROUP
LOAD /usr/bin/../lib/gcc/arm-none-eabi/4.8.4/armv6-m/libgcc.a
LOAD /usr/bin/../lib/gcc/arm-none-eabi/4.8.4/../../../../arm-none-eabi/lib/armv6-m/libg.a
LOAD /usr/bin/../lib/gcc/arm-none-eabi/4.8.4/../../../../arm-none-eabi/lib/armv6-m/libc.a
END GROUP
                0x0000000020001000                _estack = (ORIGIN (RAM) + 0x1000)

.isr_vector     0x0000000008000000       0xc4
 *(.isr_vector)
 .isr_vector    0x0000000008000000       0xc4 src/startup.o
                0x0000000008000000                g_pfnVectors
                0x00000000080000c4                . = ALIGN (0x4)

.text           0x00000000080000c4      0xc18
                0x00000000080000c4                . = ALIGN (0x4)
 *(.text)
 .text          0x00000000080000c4       0x9c /usr/bin/../lib/gcc/arm-none-eabi/4.8.4/armv6-m/libgcc.a(_udivsi3.o)
                0x00000000080000c4                __udivsi3
                0x00000000080000c4                __aeabi_uidiv
                0x000000000800014c                __aeabi_uidivmod
 .text          0x0000000008000160        0x4 /usr/bin/../lib/gcc/arm-none-eabi/4.8.4/armv6-m/libgcc.a(_dvmd_tls.o)
                0x0000000008000160                __aeabi_ldiv0
                0x0000000008000160                __aeabi_idiv0
 *(.text*)
 .text.main     0x0000000008000164      0x220 src/main.o
                0x0000000008000164                main
 .text.delay    0x0000000008000384       0x2c src/main.o
                0x0000000008000384                delay
 .text.NMI_Handler
                0x00000000080003b0        0x8 src/stm32f0xx_it.o
                0x00000000080003b0                NMI_Handler
 .text.HardFault_Handler
                0x00000000080003b8        0x8 src/stm32f0xx_it.o
                0x00000000080003b8                HardFault_Handler
 .text.SVC_Handler
                0x00000000080003c0        0x8 src/stm32f0xx_it.o
                0x00000000080003c0                SVC_Handler
 .text.PendSV_Handler
                0x00000000080003c8        0x8 src/stm32f0xx_it.o
                0x00000000080003c8                PendSV_Handler
 .text.SysTick_Handler
                0x00000000080003d0        0x8 src/stm32f0xx_it.o
                0x00000000080003d0                SysTick_Handler
 .text.SystemInit
                0x00000000080003d8       0x8c src/system_stm32f0xx.o
                0x00000000080003d8                SystemInit
 .text.SetSysClock
                0x0000000008000464       0xe0 src/system_stm32f0xx.o
 .text.TIM_Config
                0x0000000008000544       0x60 src/timer.o
                0x0000000008000544                TIM_Config
 .text.PWM_Config
                0x00000000080005a4      0x104 src/timer.o
                0x00000000080005a4                PWM_Config
 .text.GPIO_Init
                0x00000000080006a8      0x138 lib/STM32F0xx_StdPeriph_Driver/src/stm32f0xx_gpio.o
                0x00000000080006a8                GPIO_Init
 .text.GPIO_ReadInputDataBit
                0x00000000080007e0       0x48 lib/STM32F0xx_StdPeriph_Driver/src/stm32f0xx_gpio.o
                0x00000000080007e0                GPIO_ReadInputDataBit
 .text.GPIO_SetBits
                0x0000000008000828       0x1c lib/STM32F0xx_StdPeriph_Driver/src/stm32f0xx_gpio.o
                0x0000000008000828                GPIO_SetBits
 .text.GPIO_ResetBits
                0x0000000008000844       0x1c lib/STM32F0xx_StdPeriph_Driver/src/stm32f0xx_gpio.o
                0x0000000008000844                GPIO_ResetBits
 .text.GPIO_PinAFConfig
                0x0000000008000860       0x9c lib/STM32F0xx_StdPeriph_Driver/src/stm32f0xx_gpio.o
                0x0000000008000860                GPIO_PinAFConfig
 .text.RCC_AHBPeriphClockCmd
                0x00000000080008fc       0x3c lib/STM32F0xx_StdPeriph_Driver/src/stm32f0xx_rcc.o
                0x00000000080008fc                RCC_AHBPeriphClockCmd
 .text.RCC_APB2PeriphClockCmd
                0x0000000008000938       0x3c lib/STM32F0xx_StdPeriph_Driver/src/stm32f0xx_rcc.o
                0x0000000008000938                RCC_APB2PeriphClockCmd
 .text.TIM_TimeBaseInit
                0x0000000008000974       0xf0 lib/STM32F0xx_StdPeriph_Driver/src/stm32f0xx_tim.o
                0x0000000008000974                TIM_TimeBaseInit
 .text.TIM_Cmd  0x0000000008000a64       0x40 lib/STM32F0xx_StdPeriph_Driver/src/stm32f0xx_tim.o
                0x0000000008000a64                TIM_Cmd
 .text.TIM_CtrlPWMOutputs
                0x0000000008000aa4       0x4c lib/STM32F0xx_StdPeriph_Driver/src/stm32f0xx_tim.o
                0x0000000008000aa4                TIM_CtrlPWMOutputs
 .text.TIM_OC1Init
                0x0000000008000af0      0x1a4 lib/STM32F0xx_StdPeriph_Driver/src/stm32f0xx_tim.o
                0x0000000008000af0                TIM_OC1Init
 .text.Reset_Handler
                0x0000000008000c94       0x44 src/startup.o
                0x0000000008000c94                Reset_Handler
 .text.Default_Handler
                0x0000000008000cd8        0x2 src/startup.o
                0x0000000008000cd8                TIM1_CC_IRQHandler
                0x0000000008000cd8                ADC1_COMP_IRQHandler
                0x0000000008000cd8                PVD_IRQHandler
                0x0000000008000cd8                I2C1_IRQHandler
                0x0000000008000cd8                SPI1_IRQHandler
                0x0000000008000cd8                TIM6_DAC_IRQHandler
                0x0000000008000cd8                EXTI2_3_IRQHandler
                0x0000000008000cd8                I2C2_IRQHandler
                0x0000000008000cd8                TIM17_IRQHandler
                0x0000000008000cd8                RTC_IRQHandler
                0x0000000008000cd8                TIM16_IRQHandler
                0x0000000008000cd8                TIM3_IRQHandler
                0x0000000008000cd8                EXTI4_15_IRQHandler
                0x0000000008000cd8                RCC_IRQHandler
                0x0000000008000cd8                DMA1_Channel1_IRQHandler
                0x0000000008000cd8                Default_Handler
                0x0000000008000cd8                CEC_IRQHandler
                0x0000000008000cd8                TIM14_IRQHandler
                0x0000000008000cd8                DMA1_Channel4_5_IRQHandler
                0x0000000008000cd8                TIM15_IRQHandler
                0x0000000008000cd8                EXTI0_1_IRQHandler
                0x0000000008000cd8                SPI2_IRQHandler
                0x0000000008000cd8                TS_IRQHandler
                0x0000000008000cd8                WWDG_IRQHandler
                0x0000000008000cd8                TIM2_IRQHandler
                0x0000000008000cd8                DMA1_Channel2_3_IRQHandler
                0x0000000008000cd8                USART2_IRQHandler
                0x0000000008000cd8                FLASH_IRQHandler
                0x0000000008000cd8                USART1_IRQHandler
                0x0000000008000cd8                TIM1_BRK_UP_TRG_COM_IRQHandler
                0x0000000008000cdc                . = ALIGN (0x4)
 *fill*         0x0000000008000cda        0x2 
 *(.RamFunc)
 *(.RamFunc*)
                0x0000000008000cdc                . = ALIGN (0x4)
 *(.rodata)
 *(.rodata*)
                0x0000000008000cdc                . = ALIGN (0x4)
                0x0000000008000cdc                _sidata = .

.glue_7         0x0000000008000cdc        0x0
 .glue_7        0x0000000000000000        0x0 linker stubs

.glue_7t        0x0000000008000cdc        0x0
 .glue_7t       0x0000000000000000        0x0 linker stubs

.vfp11_veneer   0x0000000008000cdc        0x0
 .vfp11_veneer  0x0000000000000000        0x0 linker stubs

.v4_bx          0x0000000008000cdc        0x0
 .v4_bx         0x0000000000000000        0x0 linker stubs

.iplt           0x0000000008000cdc        0x0
 .iplt          0x0000000000000000        0x0 src/main.o

.rel.dyn        0x0000000008000cdc        0x0
 .rel.iplt      0x0000000000000000        0x0 src/main.o

.data           0x0000000020000000        0x4 load address 0x0000000008000cdc
                0x0000000020000000                . = ALIGN (0x4)
                0x0000000020000000                _sdata = .
 *(.data)
 *(.data*)
 .data.SystemCoreClock
                0x0000000020000000        0x4 src/system_stm32f0xx.o
                0x0000000020000000                SystemCoreClock
                0x0000000020000004                . = ALIGN (0x4)
                0x0000000020000004                _edata = .

.igot.plt       0x0000000020000004        0x0 load address 0x0000000008000ce0
 .igot.plt      0x0000000000000000        0x0 src/main.o

.bss            0x0000000020000004       0x28 load address 0x0000000008000ce0
                0x0000000020000004                . = ALIGN (0x4)
                0x0000000020000004                _sbss = .
 *(.bss)
 *(.bss*)
 *(COMMON)
 COMMON         0x0000000020000004        0x8 src/main.o
                0x0000000020000004                GPIO_InitStructure
 COMMON         0x000000002000000c       0x20 src/timer.o
                0x000000002000000c                TIM_TimeBaseStructure
                0x0000000020000018                TIM_OCInitStructure
                0x000000002000002c                . = ALIGN (0x4)
                0x000000002000002c                _ebss = .
OUTPUT(main.elf elf32-littlearm)

.debug_info     0x0000000000000000     0x387f
 .debug_info    0x0000000000000000      0x319 src/main.o
 .debug_info    0x0000000000000319       0xc8 src/stm32f0xx_it.o
 .debug_info    0x00000000000003e1      0x2f2 src/system_stm32f0xx.o
 .debug_info    0x00000000000006d3      0x5dd src/timer.o
 .debug_info    0x0000000000000cb0      0x5d2 lib/STM32F0xx_StdPeriph_Driver/src/stm32f0xx_gpio.o
 .debug_info    0x0000000000001282      0x997 lib/STM32F0xx_StdPeriph_Driver/src/stm32f0xx_rcc.o
 .debug_info    0x0000000000001c19     0x1c66 lib/STM32F0xx_StdPeriph_Driver/src/stm32f0xx_tim.o

.debug_abbrev   0x0000000000000000      0x8e0
 .debug_abbrev  0x0000000000000000      0x12e src/main.o
 .debug_abbrev  0x000000000000012e       0x42 src/stm32f0xx_it.o
 .debug_abbrev  0x0000000000000170      0x136 src/system_stm32f0xx.o
 .debug_abbrev  0x00000000000002a6      0x105 src/timer.o
 .debug_abbrev  0x00000000000003ab      0x190 lib/STM32F0xx_StdPeriph_Driver/src/stm32f0xx_gpio.o
 .debug_abbrev  0x000000000000053b      0x1ee lib/STM32F0xx_StdPeriph_Driver/src/stm32f0xx_rcc.o
 .debug_abbrev  0x0000000000000729      0x1b7 lib/STM32F0xx_StdPeriph_Driver/src/stm32f0xx_tim.o

.debug_aranges  0x0000000000000000      0x590
 .debug_aranges
                0x0000000000000000       0x28 src/main.o
 .debug_aranges
                0x0000000000000028       0x40 src/stm32f0xx_it.o
 .debug_aranges
                0x0000000000000068       0x30 src/system_stm32f0xx.o
 .debug_aranges
                0x0000000000000098       0x28 src/timer.o
 .debug_aranges
                0x00000000000000c0       0x80 lib/STM32F0xx_StdPeriph_Driver/src/stm32f0xx_gpio.o
 .debug_aranges
                0x0000000000000140      0x150 lib/STM32F0xx_StdPeriph_Driver/src/stm32f0xx_rcc.o
 .debug_aranges
                0x0000000000000290      0x300 lib/STM32F0xx_StdPeriph_Driver/src/stm32f0xx_tim.o

.debug_ranges   0x0000000000000000      0x520
 .debug_ranges  0x0000000000000000       0x18 src/main.o
 .debug_ranges  0x0000000000000018       0x30 src/stm32f0xx_it.o
 .debug_ranges  0x0000000000000048       0x20 src/system_stm32f0xx.o
 .debug_ranges  0x0000000000000068       0x18 src/timer.o
 .debug_ranges  0x0000000000000080       0x70 lib/STM32F0xx_StdPeriph_Driver/src/stm32f0xx_gpio.o
 .debug_ranges  0x00000000000000f0      0x140 lib/STM32F0xx_StdPeriph_Driver/src/stm32f0xx_rcc.o
 .debug_ranges  0x0000000000000230      0x2f0 lib/STM32F0xx_StdPeriph_Driver/src/stm32f0xx_tim.o

.debug_line     0x0000000000000000     0x149d
 .debug_line    0x0000000000000000      0x158 src/main.o
 .debug_line    0x0000000000000158       0x8b src/stm32f0xx_it.o
 .debug_line    0x00000000000001e3      0x141 src/system_stm32f0xx.o
 .debug_line    0x0000000000000324      0x156 src/timer.o
 .debug_line    0x000000000000047a      0x24b lib/STM32F0xx_StdPeriph_Driver/src/stm32f0xx_gpio.o
 .debug_line    0x00000000000006c5      0x470 lib/STM32F0xx_StdPeriph_Driver/src/stm32f0xx_rcc.o
 .debug_line    0x0000000000000b35      0x968 lib/STM32F0xx_StdPeriph_Driver/src/stm32f0xx_tim.o

.debug_str      0x0000000000000000     0x172c
 .debug_str     0x0000000000000000      0x341 src/main.o
                                        0x387 (size before relaxing)
 .debug_str     0x0000000000000341       0x5c src/stm32f0xx_it.o
                                        0x1d7 (size before relaxing)
 .debug_str     0x000000000000039d      0x10e src/system_stm32f0xx.o
                                        0x2d2 (size before relaxing)
 .debug_str     0x00000000000004ab      0x20e src/timer.o
                                        0x590 (size before relaxing)
 .debug_str     0x00000000000006b9      0x187 lib/STM32F0xx_StdPeriph_Driver/src/stm32f0xx_gpio.o
                                        0x4e6 (size before relaxing)
 .debug_str     0x0000000000000840      0x4da lib/STM32F0xx_StdPeriph_Driver/src/stm32f0xx_rcc.o
                                        0x77f (size before relaxing)
 .debug_str     0x0000000000000d1a      0xa12 lib/STM32F0xx_StdPeriph_Driver/src/stm32f0xx_tim.o
                                        0xe38 (size before relaxing)

.comment        0x0000000000000000       0x70
 .comment       0x0000000000000000       0x70 src/main.o
                                         0x71 (size before relaxing)
 .comment       0x0000000000000000       0x71 src/stm32f0xx_it.o
 .comment       0x0000000000000000       0x71 src/system_stm32f0xx.o
 .comment       0x0000000000000000       0x71 src/timer.o
 .comment       0x0000000000000000       0x71 lib/STM32F0xx_StdPeriph_Driver/src/stm32f0xx_gpio.o
 .comment       0x0000000000000000       0x71 lib/STM32F0xx_StdPeriph_Driver/src/stm32f0xx_rcc.o
 .comment       0x0000000000000000       0x71 lib/STM32F0xx_StdPeriph_Driver/src/stm32f0xx_tim.o

.ARM.attributes
                0x0000000000000000       0x2f
 .ARM.attributes
                0x0000000000000000       0x31 src/main.o
 .ARM.attributes
                0x0000000000000031       0x31 src/stm32f0xx_it.o
 .ARM.attributes
                0x0000000000000062       0x31 src/system_stm32f0xx.o
 .ARM.attributes
                0x0000000000000093       0x31 src/timer.o
 .ARM.attributes
                0x00000000000000c4       0x31 lib/STM32F0xx_StdPeriph_Driver/src/stm32f0xx_gpio.o
 .ARM.attributes
                0x00000000000000f5       0x31 lib/STM32F0xx_StdPeriph_Driver/src/stm32f0xx_rcc.o
 .ARM.attributes
                0x0000000000000126       0x31 lib/STM32F0xx_StdPeriph_Driver/src/stm32f0xx_tim.o
 .ARM.attributes
                0x0000000000000157       0x21 src/startup.o
 .ARM.attributes
                0x0000000000000178       0x1e /usr/bin/../lib/gcc/arm-none-eabi/4.8.4/armv6-m/libgcc.a(_udivsi3.o)
 .ARM.attributes
                0x0000000000000196       0x1e /usr/bin/../lib/gcc/arm-none-eabi/4.8.4/armv6-m/libgcc.a(_dvmd_tls.o)

.debug_frame    0x0000000000000000     0x140c
 .debug_frame   0x0000000000000000       0x50 src/main.o
 .debug_frame   0x0000000000000050       0x9c src/stm32f0xx_it.o
 .debug_frame   0x00000000000000ec       0x6c src/system_stm32f0xx.o
 .debug_frame   0x0000000000000158       0x50 src/timer.o
 .debug_frame   0x00000000000001a8      0x1b0 lib/STM32F0xx_StdPeriph_Driver/src/stm32f0xx_gpio.o
 .debug_frame   0x0000000000000358      0x4e4 lib/STM32F0xx_StdPeriph_Driver/src/stm32f0xx_rcc.o
 .debug_frame   0x000000000000083c      0xbb0 lib/STM32F0xx_StdPeriph_Driver/src/stm32f0xx_tim.o
 .debug_frame   0x00000000000013ec       0x20 /usr/bin/../lib/gcc/arm-none-eabi/4.8.4/armv6-m/libgcc.a(_udivsi3.o)
